[templates.iqonic.design/findash/html/index.html]
[backblue.gif]
[fade.gif]
[index.html]
[templates.iqonic.design/findash/html/images/favicon.ico]
[templates.iqonic.design/findash/html/css/bootstrap.min.css]
[templates.iqonic.design/findash/html/css/typography.css]
[templates.iqonic.design/findash/html/css/style.css]
[templates.iqonic.design/findash/html/css/responsive.css]
[templates.iqonic.design/findash/html/fullcalendar/core/main.css]
[templates.iqonic.design/findash/html/fullcalendar/daygrid/main.css]
[templates.iqonic.design/findash/html/fullcalendar/timegrid/main.css]
[templates.iqonic.design/findash/html/fullcalendar/list/main.css]
[templates.iqonic.design/findash/html/css/flatpickr.min.css]
[templates.iqonic.design/findash/html/images/logo.png]
[templates.iqonic.design/findash/html/dashboard-1.html]
[templates.iqonic.design/findash/html/dashboard-2.html]
[templates.iqonic.design/findash/html/dashboard-3.html]
[templates.iqonic.design/findash/html/dashboard-4.html]
[templates.iqonic.design/findash/html/dashboard-5.html]
[templates.iqonic.design/findash/html/dashboard-6.html]
[templates.iqonic.design/findash/html/horizontal-menu.html]
[templates.iqonic.design/findash/html/horizontal-top-menu.html]
[templates.iqonic.design/findash/html/two-sidebar.html]
[templates.iqonic.design/findash/html/vertical-top-menu.html]
[templates.iqonic.design/findash/html/calendar.html]
[templates.iqonic.design/findash/html/profile.html]
[templates.iqonic.design/findash/html/profile-edit.html]
[templates.iqonic.design/findash/html/add-user.html]
[templates.iqonic.design/findash/html/user-list.html]
[templates.iqonic.design/findash/html/app/index.html]
[templates.iqonic.design/findash/html/app/email-compose.html]
[templates.iqonic.design/findash/html/ui-colors.html]
[templates.iqonic.design/findash/html/ui-typography.html]
[templates.iqonic.design/findash/html/ui-alerts.html]
[templates.iqonic.design/findash/html/ui-badges.html]
[templates.iqonic.design/findash/html/ui-breadcrumb.html]
[templates.iqonic.design/findash/html/ui-buttons.html]
[templates.iqonic.design/findash/html/ui-cards.html]
[templates.iqonic.design/findash/html/ui-carousel.html]
[templates.iqonic.design/findash/html/ui-embed-video.html]
[templates.iqonic.design/findash/html/ui-grid.html]
[templates.iqonic.design/findash/html/ui-images.html]
[templates.iqonic.design/findash/html/ui-list-group.html]
[templates.iqonic.design/findash/html/ui-media-object.html]
[templates.iqonic.design/findash/html/ui-modal.html]
[templates.iqonic.design/findash/html/ui-notifications.html]
[templates.iqonic.design/findash/html/ui-pagination.html]
[templates.iqonic.design/findash/html/ui-popovers.html]
[templates.iqonic.design/findash/html/ui-progressbars.html]
[templates.iqonic.design/findash/html/ui-tabs.html]
[templates.iqonic.design/findash/html/ui-tooltips.html]
[templates.iqonic.design/findash/html/form-layout.html]
[templates.iqonic.design/findash/html/form-validation.html]
[templates.iqonic.design/findash/html/form-switch.html]
[templates.iqonic.design/findash/html/form-chechbox.html]
[templates.iqonic.design/findash/html/form-radio.html]
[templates.iqonic.design/findash/html/form-wizard.html]
[templates.iqonic.design/findash/html/form-wizard-validate.html]
[templates.iqonic.design/findash/html/form-wizard-vertical.html]
[templates.iqonic.design/findash/html/tables-basic.html]
[templates.iqonic.design/findash/html/data-table.html]
[templates.iqonic.design/findash/html/table-editable.html]
[templates.iqonic.design/findash/html/chart-morris.html]
[templates.iqonic.design/findash/html/chart-high.html]
[templates.iqonic.design/findash/html/chart-am.html]
[templates.iqonic.design/findash/html/chart-apex.html]
[templates.iqonic.design/findash/html/icon-dripicons.html]
[templates.iqonic.design/findash/html/icon-fontawesome-5.html]
[templates.iqonic.design/findash/html/icon-lineawesome.html]
[templates.iqonic.design/findash/html/icon-remixicon.html]
[templates.iqonic.design/findash/html/icon-unicons.html]
[templates.iqonic.design/findash/html/sign-in.html]
[templates.iqonic.design/findash/html/sign-up.html]
[templates.iqonic.design/findash/html/pages-recoverpw.html]
[templates.iqonic.design/findash/html/pages-confirm-mail.html]
[templates.iqonic.design/findash/html/pages-lock-screen.html]
[templates.iqonic.design/findash/html/pages-timeline.html]
[templates.iqonic.design/findash/html/pages-invoice.html]
[templates.iqonic.design/findash/html/blank-page.html]
[templates.iqonic.design/findash/html/pages-error.html]
[templates.iqonic.design/findash/html/pages-error-500.html]
[templates.iqonic.design/findash/html/pages-pricing.html]
[templates.iqonic.design/findash/html/pages-pricing-one.html]
[templates.iqonic.design/findash/html/pages-maintenance.html]
[templates.iqonic.design/findash/html/pages-comingsoon.html]
[templates.iqonic.design/findash/html/pages-faq.html]
[templates.iqonic.design/findash/html/images/small/flag-01.png]
[templates.iqonic.design/findash/html/images/small/flag-02.png]
[templates.iqonic.design/findash/html/images/small/flag-03.png]
[templates.iqonic.design/findash/html/images/small/flag-04.png]
[templates.iqonic.design/findash/html/images/small/flag-05.png]
[templates.iqonic.design/findash/html/images/small/flag-06.png]
[templates.iqonic.design/findash/html/images/user/01.jpg]
[templates.iqonic.design/findash/html/images/user/02.jpg]
[templates.iqonic.design/findash/html/images/user/03.jpg]
[templates.iqonic.design/findash/html/images/user/04.jpg]
[templates.iqonic.design/findash/html/images/user/05.jpg]
[templates.iqonic.design/findash/html/images/user/1.jpg]
[templates.iqonic.design/findash/html/account-setting.html]
[templates.iqonic.design/findash/html/privacy-setting.html]
[templates.iqonic.design/findash/html/images/page-img/45.png]
[templates.iqonic.design/findash/html/images/page-img/29.png]
[templates.iqonic.design/findash/html/images/page-img/30.png]
[templates.iqonic.design/findash/html/images/page-img/31.png]
[templates.iqonic.design/findash/html/images/page-img/32.png]
[templates.iqonic.design/findash/html/images/page-img/33.png]
[templates.iqonic.design/findash/html/privacy-policy.html]
[templates.iqonic.design/findash/html/terms-of-service.html]
[templates.iqonic.design/findash/html/js/jquery.min.js]
[templates.iqonic.design/findash/html/js/popper.min.js]
[templates.iqonic.design/findash/html/js/bootstrap.min.js]
[templates.iqonic.design/findash/html/js/jquery.appear.js]
[templates.iqonic.design/findash/html/js/countdown.min.js]
[templates.iqonic.design/findash/html/js/waypoints.min.js]
[templates.iqonic.design/findash/html/js/jquery.counterup.min.js]
[templates.iqonic.design/findash/html/js/wow.min.js]
[templates.iqonic.design/findash/html/js/apexcharts.js]
[templates.iqonic.design/findash/html/js/slick.min.js]
[templates.iqonic.design/findash/html/js/select2.min.js]
[templates.iqonic.design/findash/html/js/owl.carousel.min.js]
[templates.iqonic.design/findash/html/js/jquery.magnific-popup.min.js]
[templates.iqonic.design/findash/html/js/smooth-scrollbar.js]
[templates.iqonic.design/findash/html/js/lottie.js]
[templates.iqonic.design/findash/html/js/core.js]
[templates.iqonic.design/findash/html/js/charts.js]
[templates.iqonic.design/findash/html/js/animated.js]
[templates.iqonic.design/findash/html/js/kelly.js]
[templates.iqonic.design/findash/html/js/maps.js]
[templates.iqonic.design/findash/html/js/worldLow.js]
[templates.iqonic.design/findash/html/js/raphael-min.js]
[templates.iqonic.design/findash/html/js/morris.js]
[templates.iqonic.design/findash/html/js/morris.min.js]
[templates.iqonic.design/findash/html/js/flatpickr.js]
[templates.iqonic.design/findash/html/js/style-customizer.js]
[templates.iqonic.design/findash/html/js/chart-custom.js]
[templates.iqonic.design/findash/html/js/custom.js]
[templates.iqonic.design/findash/html/index.html]
[templates.iqonic.design/findash/html/css/bootstrap.min.css]
[templates.iqonic.design/findash/html/css/variable.css]
[templates.iqonic.design/findash/html/css/style-customizer.css]
[templates.iqonic.design/findash/html/css/owl.carousel.min.css]
[templates.iqonic.design/findash/html/css/dripicons.css]
[templates.iqonic.design/findash/html/css/remixicon.css]
[templates.iqonic.design/findash/html/css/fontawesome.css]
[templates.iqonic.design/findash/html/css/line-awesome.min.css]
[templates.iqonic.design/findash/html/css/ionicons.min.css]
[templates.iqonic.design/findash/html/css/slick.css]
[templates.iqonic.design/findash/html/css/slick-theme.css]
[templates.iqonic.design/findash/html/css/Chart.min.css]
[templates.iqonic.design/findash/html/css/select2.min.css]
[templates.iqonic.design/findash/html/css/magnific-popup.css]
[templates.iqonic.design/findash/html/css/animate.css]
[templates.iqonic.design/findash/html/images/loader.gif]
[templates.iqonic.design/findash/html/css/typography.css]
[templates.iqonic.design/findash/html/images/bg-03.jpg]
[templates.iqonic.design/findash/html/images/page-img/100.jpg]
[templates.iqonic.design/findash/html/css/style.css]
[templates.iqonic.design/findash/html/css/responsive.css]
[templates.iqonic.design/findash/html/fullcalendar/core/main.css]
[templates.iqonic.design/findash/html/fullcalendar/daygrid/main.css]
[templates.iqonic.design/findash/html/fullcalendar/timegrid/main.css]
[templates.iqonic.design/findash/html/fullcalendar/list/main.css]
[templates.iqonic.design/findash/html/css/flatpickr.min.css]
[templates.iqonic.design/findash/html/images/page-img/44.png]
[templates.iqonic.design/findash/html/dashboard-1.html]
[templates.iqonic.design/findash/html/images/user/06.jpg]
[templates.iqonic.design/findash/html/dashboard-2.html]
[templates.iqonic.design/findash/html/js/highcharts.js]
[templates.iqonic.design/findash/html/js/highcharts-3d.js]
[templates.iqonic.design/findash/html/dashboard-3.html]
[templates.iqonic.design/findash/html/js/highcharts-more.js]
[templates.iqonic.design/findash/html/images/user/11.png]
[templates.iqonic.design/findash/html/images/booking/03.png]
[templates.iqonic.design/findash/html/images/booking/04.png]
[templates.iqonic.design/findash/html/images/booking/05.png]
[templates.iqonic.design/findash/html/dashboard-4.html]
[templates.iqonic.design/findash/html/images/page-img/36.png]
[templates.iqonic.design/findash/html/dashboard-5.html]
[templates.iqonic.design/findash/html/images/user/07.jpg]
[templates.iqonic.design/findash/html/images/user/08.jpg]
[templates.iqonic.design/findash/html/images/user/09.jpg]
[templates.iqonic.design/findash/html/images/user/10.jpg]
[templates.iqonic.design/findash/html/dashboard-6.html]
[templates.iqonic.design/findash/html/pages-map.html]
[templates.iqonic.design/findash/html/product.html]
[templates.iqonic.design/findash/html/itemdetails.html]
[templates.iqonic.design/findash/html/checkout.html]
[templates.iqonic.design/findash/html/images/page-img/a1.png]
[templates.iqonic.design/findash/html/images/page-img/a2.png]
[templates.iqonic.design/findash/html/images/page-img/a3.png]
[templates.iqonic.design/findash/html/images/page-img/a4.png]
[templates.iqonic.design/findash/html/images/page-img/41.png]
[templates.iqonic.design/findash/html/horizontal-menu.html]
[templates.iqonic.design/findash/html/horizontal-top-menu.html]
[templates.iqonic.design/findash/html/images/logo-1.png]
[templates.iqonic.design/findash/html/two-sidebar.html]
[templates.iqonic.design/findash/html/images/page-img/46.png]
[templates.iqonic.design/findash/html/vertical-top-menu.html]
[templates.iqonic.design/findash/html/fullcalendar/core/main.js]
[templates.iqonic.design/findash/html/fullcalendar/daygrid/main.js]
[templates.iqonic.design/findash/html/fullcalendar/timegrid/main.js]
[templates.iqonic.design/findash/html/fullcalendar/list/main.js]
[templates.iqonic.design/findash/html/calendar.html]
[templates.iqonic.design/findash/html/images/page-img/profile-bg.jpg]
[templates.iqonic.design/findash/html/images/icon/08.png]
[templates.iqonic.design/findash/html/images/icon/09.png]
[templates.iqonic.design/findash/html/images/icon/10.png]
[templates.iqonic.design/findash/html/images/icon/11.png]
[templates.iqonic.design/findash/html/images/icon/12.png]
[templates.iqonic.design/findash/html/images/icon/13.png]
[templates.iqonic.design/findash/html/images/page-img/34.png]
[templates.iqonic.design/findash/html/images/page-img/07.jpg]
[templates.iqonic.design/findash/html/images/page-img/g1.jpg]
[templates.iqonic.design/findash/html/images/page-img/g2.jpg]
[templates.iqonic.design/findash/html/images/page-img/g3.jpg]
[templates.iqonic.design/findash/html/images/page-img/g4.jpg]
[templates.iqonic.design/findash/html/images/page-img/g5.jpg]
[templates.iqonic.design/findash/html/images/page-img/g6.jpg]
[templates.iqonic.design/findash/html/images/page-img/g7.jpg]
[templates.iqonic.design/findash/html/images/page-img/g8.jpg]
[templates.iqonic.design/findash/html/images/page-img/g9.jpg]
[templates.iqonic.design/findash/html/images/small/07.png]
[templates.iqonic.design/findash/html/images/small/08.png]
[templates.iqonic.design/findash/html/images/small/09.png]
[templates.iqonic.design/findash/html/images/small/10.png]
[templates.iqonic.design/findash/html/images/small/11.png]
[templates.iqonic.design/findash/html/images/small/12.png]
[templates.iqonic.design/findash/html/images/small/13.png]
[templates.iqonic.design/findash/html/images/small/14.png]
[templates.iqonic.design/findash/html/images/page-img/p1.jpg]
[templates.iqonic.design/findash/html/images/icon/01.png]
[templates.iqonic.design/findash/html/images/icon/02.png]
[templates.iqonic.design/findash/html/images/icon/03.png]
[templates.iqonic.design/findash/html/images/icon/04.png]
[templates.iqonic.design/findash/html/images/icon/05.png]
[templates.iqonic.design/findash/html/images/icon/06.png]
[templates.iqonic.design/findash/html/images/icon/07.png]
[templates.iqonic.design/findash/html/images/page-img/p2.jpg]
[templates.iqonic.design/findash/html/images/page-img/page-load-loader.gif]
[templates.iqonic.design/findash/html/profile.html]
[templates.iqonic.design/findash/html/profile-edit.html]
[templates.iqonic.design/findash/html/add-user.html]
[templates.iqonic.design/findash/html/user-list.html]
[templates.iqonic.design/findash/html/app/images/logo.png]
[templates.iqonic.design/findash/html/app/profile.html]
[templates.iqonic.design/findash/html/app/profile-edit.html]
[templates.iqonic.design/findash/html/app/account-setting.html]
[templates.iqonic.design/findash/html/app/privacy-setting.html]
[templates.iqonic.design/findash/html/app/sign-in.html]
[templates.iqonic.design/findash/html/images/user/user-1.jpg]
[templates.iqonic.design/findash/html/app/dummy@FinDash.com]
[templates.iqonic.design/findash/html/images/user/user-2.jpg]
[templates.iqonic.design/findash/html/images/user/user-3.jpg]
[templates.iqonic.design/findash/html/images/user/user-4.jpg]
[templates.iqonic.design/findash/html/images/user/user-5.jpg]
[templates.iqonic.design/findash/html/images/user/user-6.jpg]
[templates.iqonic.design/findash/html/app/index.html]
[templates.iqonic.design/findash/html/app/email-compose.html]
[templates.iqonic.design/findash/html/ui-colors.html]
[templates.iqonic.design/findash/html/ui-typography.html]
[templates.iqonic.design/findash/html/ui-alerts.html]
[templates.iqonic.design/findash/html/ui-badges.html]
[templates.iqonic.design/findash/html/ui-breadcrumb.html]
[templates.iqonic.design/findash/html/ui-buttons.html]
[templates.iqonic.design/findash/html/images/page-img/08.jpg]
[templates.iqonic.design/findash/html/images/page-img/09.jpg]
[templates.iqonic.design/findash/html/ui-cards.html]
[templates.iqonic.design/findash/html/images/small/img-1.jpg]
[templates.iqonic.design/findash/html/ui-carousel.html]
[templates.iqonic.design/findash/html/ui-embed-video.html]
[templates.iqonic.design/findash/html/ui-grid.html]
[templates.iqonic.design/findash/html/images/page-img/15.jpg]
[templates.iqonic.design/findash/html/images/page-img/16.jpg]
[templates.iqonic.design/findash/html/images/page-img/17.jpg]
[templates.iqonic.design/findash/html/images/page-img/18.jpg]
[templates.iqonic.design/findash/html/images/page-img/19.jpg]
[templates.iqonic.design/findash/html/images/page-img/20.jpg]
[templates.iqonic.design/findash/html/images/page-img/10.jpg]
[templates.iqonic.design/findash/html/images/page-img/11.jpg]
[templates.iqonic.design/findash/html/images/page-img/12.jpg]
[templates.iqonic.design/findash/html/images/page-img/13.jpg]
[templates.iqonic.design/findash/html/images/page-img/14.jpg]
[templates.iqonic.design/findash/html/images/page-img/21.jpg]
[templates.iqonic.design/findash/html/images/page-img/22.jpg]
[templates.iqonic.design/findash/html/images/page-img/23.jpg]
[templates.iqonic.design/findash/html/images/page-img/24.jpg]
[templates.iqonic.design/findash/html/ui-images.html]
[templates.iqonic.design/findash/html/ui-list-group.html]
[templates.iqonic.design/findash/html/ui-media-object.html]
[templates.iqonic.design/findash/html/ui-modal.html]
[templates.iqonic.design/findash/html/ui-notifications.html]
[templates.iqonic.design/findash/html/ui-pagination.html]
[templates.iqonic.design/findash/html/ui-popovers.html]
[templates.iqonic.design/findash/html/ui-progressbars.html]
[templates.iqonic.design/findash/html/ui-tabs.html]
[templates.iqonic.design/findash/html/ui-tooltips.html]
[templates.iqonic.design/findash/html/form-layout.html]
[templates.iqonic.design/findash/html/form-validation.html]
[templates.iqonic.design/findash/html/form-switch.html]
[templates.iqonic.design/findash/html/form-chechbox.html]
[templates.iqonic.design/findash/html/form-radio.html]
[templates.iqonic.design/findash/html/images/page-img/img-success.png]
[templates.iqonic.design/findash/html/form-wizard.html]
[templates.iqonic.design/findash/html/form-wizard-validate.html]
[templates.iqonic.design/findash/html/form-wizard-vertical.html]
[templates.iqonic.design/findash/html/tables-basic.html]
[templates.iqonic.design/findash/html/data-table.html]
[templates.iqonic.design/findash/html/table-editable.html]
[templates.iqonic.design/findash/html/chart-morris.html]
[templates.iqonic.design/findash/html/chart-high.html]
[templates.iqonic.design/findash/html/chart-am.html]
[templates.iqonic.design/findash/html/chart-apex.html]
[templates.iqonic.design/findash/html/icon-dripicons.html]
[templates.iqonic.design/findash/html/icon-fontawesome-5.html]
[templates.iqonic.design/findash/html/icon-lineawesome.html]
[templates.iqonic.design/findash/html/icon-remixicon.html]
[templates.iqonic.design/findash/html/icon-unicons.html]
[templates.iqonic.design/findash/html/images/logo-full.png]
[templates.iqonic.design/findash/html/images/login/1.png]
[templates.iqonic.design/findash/html/sign-in.html]
[templates.iqonic.design/findash/html/sign-up.html]
[templates.iqonic.design/findash/html/pages-recoverpw.html]
[templates.iqonic.design/findash/html/images/login/mail.png]
[templates.iqonic.design/findash/html/pages-confirm-mail.html]
[templates.iqonic.design/findash/html/pages-lock-screen.html]
[templates.iqonic.design/findash/html/pages-timeline.html]
[templates.iqonic.design/findash/html/pages-invoice.html]
[templates.iqonic.design/findash/html/blank-page.html]
[templates.iqonic.design/findash/html/images/error/404.png]
[templates.iqonic.design/findash/html/pages-error.html]
[templates.iqonic.design/findash/html/images/error/500.png]
[templates.iqonic.design/findash/html/pages-error-500.html]
[templates.iqonic.design/findash/html/pages-pricing.html]
[templates.iqonic.design/findash/html/images/page-img/25.jpg]
[templates.iqonic.design/findash/html/images/page-img/26.jpg]
[templates.iqonic.design/findash/html/images/page-img/27.jpg]
[templates.iqonic.design/findash/html/images/page-img/28.jpg]
[templates.iqonic.design/findash/html/pages-pricing-one.html]
[templates.iqonic.design/findash/html/images/error/02.png]
[templates.iqonic.design/findash/html/pages-maintenance.html]
[templates.iqonic.design/findash/html/images/logo-full2.png]
[templates.iqonic.design/findash/html/pages-comingsoon.html]
[templates.iqonic.design/findash/html/pages-faq.html]
[templates.iqonic.design/findash/html/account-setting.html]
[templates.iqonic.design/findash/html/privacy-setting.html]
[templates.iqonic.design/findash/html/privacy-policy.html]
[templates.iqonic.design/findash/html/terms-of-service.html]
[templates.iqonic.design/findash/html/css/variable.css]
[templates.iqonic.design/findash/html/css/style-customizer.css]
[templates.iqonic.design/findash/html/css/owl.video.play.png]
[templates.iqonic.design/findash/html/css/owl.carousel.min.css]
[templates.iqonic.design/findash/html/fonts/dripicons-v2.eot]
[templates.iqonic.design/findash/html/fonts/dripicons-v2d41d.eot]
[templates.iqonic.design/findash/html/fonts/dripicons-v2.woff]
[templates.iqonic.design/findash/html/fonts/dripicons-v2.ttf]
[templates.iqonic.design/findash/html/css/dripicons.css]
[templates.iqonic.design/findash/html/fonts/dripicons-v2.svg]
[templates.iqonic.design/findash/html/fonts/remixicon4d30.eot]
[templates.iqonic.design/findash/html/fonts/remixicon4d30.woff2]
[templates.iqonic.design/findash/html/fonts/remixicon4d30.woff]
[templates.iqonic.design/findash/html/fonts/remixicon4d30.ttf]
[templates.iqonic.design/findash/html/css/remixicon.css]
[templates.iqonic.design/findash/html/fonts/remixicon4d30.svg]
[templates.iqonic.design/findash/html/fonts/fontawesome-webfont3e6e.eot]
[templates.iqonic.design/findash/html/fonts/fontawesome-webfontd41d.eot]
[templates.iqonic.design/findash/html/fonts/fontawesome-webfont3e6e.woff2]
[templates.iqonic.design/findash/html/fonts/fontawesome-webfont3e6e.woff]
[templates.iqonic.design/findash/html/fonts/fontawesome-webfont3e6e.ttf]
[templates.iqonic.design/findash/html/css/fontawesome.css]
[templates.iqonic.design/findash/html/fonts/fontawesome-webfont3e6e.svg]
[templates.iqonic.design/findash/html/fonts/la-brands-400.eot]
[templates.iqonic.design/findash/html/fonts/la-brands-400d41d.eot]
[templates.iqonic.design/findash/html/fonts/la-brands-400.woff2]
[templates.iqonic.design/findash/html/fonts/la-brands-400.woff]
[templates.iqonic.design/findash/html/fonts/la-brands-400.ttf]
[templates.iqonic.design/findash/html/fonts/la-brands-400.svg]
[templates.iqonic.design/findash/html/fonts/la-regular-400.eot]
[templates.iqonic.design/findash/html/fonts/la-regular-400d41d.eot]
[templates.iqonic.design/findash/html/fonts/la-regular-400.woff2]
[templates.iqonic.design/findash/html/fonts/la-regular-400.woff]
[templates.iqonic.design/findash/html/fonts/la-regular-400.ttf]
[templates.iqonic.design/findash/html/fonts/la-regular-400.svg]
[templates.iqonic.design/findash/html/fonts/la-solid-900.eot]
[templates.iqonic.design/findash/html/fonts/la-solid-900d41d.eot]
[templates.iqonic.design/findash/html/fonts/la-solid-900.woff2]
[templates.iqonic.design/findash/html/fonts/la-solid-900.woff]
[templates.iqonic.design/findash/html/fonts/la-solid-900.ttf]
[templates.iqonic.design/findash/html/css/line-awesome.min.css]
[templates.iqonic.design/findash/html/fonts/la-solid-900.svg]
[templates.iqonic.design/findash/html/fonts/ionicons28b5.eot]
[templates.iqonic.design/findash/html/fonts/ionicons28b5.ttf]
[templates.iqonic.design/findash/html/fonts/ionicons28b5.woff]
[templates.iqonic.design/findash/html/css/ionicons.min.css]
[templates.iqonic.design/findash/html/css/slick.css]
[templates.iqonic.design/findash/html/fonts/ionicons28b5.svg]
[templates.iqonic.design/findash/html/css/ajax-loader.gif]
[templates.iqonic.design/findash/html/fonts/slick.eot]
[templates.iqonic.design/findash/html/fonts/slickd41d.eot]
[templates.iqonic.design/findash/html/fonts/slick.woff]
[templates.iqonic.design/findash/html/fonts/slick.ttf]
[templates.iqonic.design/findash/html/css/slick-theme.css]
[templates.iqonic.design/findash/html/css/Chart.min.css]
[templates.iqonic.design/findash/html/css/select2.min.css]
[templates.iqonic.design/findash/html/css/magnific-popup.css]
[templates.iqonic.design/findash/html/css/animate.css]
[templates.iqonic.design/findash/html/pages-map.html]
[templates.iqonic.design/findash/html/product.html]
[templates.iqonic.design/findash/html/itemdetails.html]
[templates.iqonic.design/findash/html/checkout.html]
[templates.iqonic.design/findash/html/app/images/logo.html]
[templates.iqonic.design/findash/html/app/profile.html]
[templates.iqonic.design/findash/html/app/profile-edit.html]
[templates.iqonic.design/findash/html/app/account-setting.html]
[templates.iqonic.design/findash/html/app/privacy-setting.html]
[templates.iqonic.design/findash/html/app/sign-in.html]
[templates.iqonic.design/findash/html/app/dummy@FinDash.html]
[templates.iqonic.design/findash/html/fonts/dripicons-v2.svg]
[templates.iqonic.design/findash/html/fonts/slick.svg]
[templates.iqonic.design/findash/html/fonts/remixicon4d30.svg]
[templates.iqonic.design/findash/html/fonts/fontawesome-webfont3e6e.svg]
[templates.iqonic.design/findash/html/fonts/la-brands-400.svg]
[templates.iqonic.design/findash/html/fonts/la-regular-400.svg]
[templates.iqonic.design/findash/html/fonts/la-solid-900.svg]
[templates.iqonic.design/findash/html/fonts/ionicons28b5.svg]
[templates.iqonic.design/findash/html/fonts/slick.svg]
