[webdevcode.com/html/pylon1/index.html]
[backblue.gif]
[fade.gif]
[index.html]
[webdevcode.com/html/pylon1/assets/images/favicons/apple-touch-icon.png]
[webdevcode.com/html/pylon1/assets/images/favicons/favicon-32x32.png]
[webdevcode.com/html/pylon1/assets/images/favicons/favicon-16x16.png]
[webdevcode.com/html/pylon1/assets/css/bootstrap.min.css]
[webdevcode.com/html/pylon1/assets/css/fontawesome-all.min.css]
[webdevcode.com/html/pylon1/assets/css/swiper.min.css]
[webdevcode.com/html/pylon1/assets/css/animate.min.css]
[webdevcode.com/html/pylon1/assets/css/pylon-icons.css]
[webdevcode.com/html/pylon1/assets/css/odometer.min.css]
[webdevcode.com/html/pylon1/assets/css/magnific-popup.css]
[webdevcode.com/html/pylon1/assets/css/bootstrap-select.min.css]
[webdevcode.com/html/pylon1/assets/css/nouislider.min.css]
[webdevcode.com/html/pylon1/assets/css/nouislider.pips.css]
[webdevcode.com/html/pylon1/assets/css/flaticon.css]
[webdevcode.com/html/pylon1/assets/css/main.css]
[webdevcode.com/html/pylon1/assets/images/loader.png]
[webdevcode.com/html/pylon1/news.html]
[webdevcode.com/html/pylon1/faq.html]
[webdevcode.com/html/pylon1/assets/images/logo-dark.png]
[webdevcode.com/html/pylon1/index-2.html]
[webdevcode.com/html/pylon1/about.html]
[webdevcode.com/html/pylon1/team.html]
[webdevcode.com/html/pylon1/team-details.html]
[webdevcode.com/html/pylon1/services.html]
[webdevcode.com/html/pylon1/services-2.html]
[webdevcode.com/html/pylon1/service-details.html]
[webdevcode.com/html/pylon1/how-it-works.html]
[webdevcode.com/html/pylon1/loan-calculator.html]
[webdevcode.com/html/pylon1/loan-eligibility.html]
[webdevcode.com/html/pylon1/apply-now.html]
[webdevcode.com/html/pylon1/credit-card.html]
[webdevcode.com/html/pylon1/credit-card-details.html]
[webdevcode.com/html/pylon1/testimonials.html]
[webdevcode.com/html/pylon1/news-details.html]
[webdevcode.com/html/pylon1/news-default.html]
[webdevcode.com/html/pylon1/contact.html]
[webdevcode.com/html/pylon1/assets/images/main-slider/main-slider-1-1.jpg]
[webdevcode.com/html/pylon1/assets/images/main-slider/main-slider-1-2.jpg]
[webdevcode.com/html/pylon1/assets/images/services/services-1-1.png]
[webdevcode.com/html/pylon1/assets/images/services/services-1-2.png]
[webdevcode.com/html/pylon1/assets/images/services/services-1-3.png]
[webdevcode.com/html/pylon1/assets/images/shapes/feature-shape-1-1.png]
[webdevcode.com/html/pylon1/assets/images/shapes/feature-shape-1-2.png]
[webdevcode.com/html/pylon1/assets/images/shapes/feature-shape-1-3.png]
[webdevcode.com/html/pylon1/assets/images/shapes/trust-bg-1-1.png]
[webdevcode.com/html/pylon1/assets/images/resources/trust-1-1.png]
[webdevcode.com/html/pylon1/assets/images/resources/testimonials-1-1.png]
[webdevcode.com/html/pylon1/assets/images/resources/testimonials-1-2.png]
[webdevcode.com/html/pylon1/assets/images/resources/testimonials-1-3.png]
[webdevcode.com/html/pylon1/assets/images/shapes/why-choose-shape-1-1.png]
[webdevcode.com/html/pylon1/assets/images/shapes/why-choose-shape-1-2.png]
[webdevcode.com/html/pylon1/assets/images/resources/why-choose-1-1.png]
[webdevcode.com/html/pylon1/assets/images/backgrounds/funfact-bg-1-1.jpg]
[webdevcode.com/html/pylon1/assets/images/blog/blog-1-1.png]
[webdevcode.com/html/pylon1/assets/images/blog/blog-1-2.png]
[webdevcode.com/html/pylon1/assets/images/blog/blog-1-3.png]
[webdevcode.com/html/pylon1/assets/images/resources/brand-1-1.png]
[webdevcode.com/html/pylon1/assets/images/backgrounds/call-to-action-bg-1-1.jpg]
[webdevcode.com/html/pylon1/assets/images/logo-light.png]
[webdevcode.com/html/pylon1/assets/images/resources/footer-post-1-1.png]
[webdevcode.com/html/pylon1/assets/images/resources/footer-post-1-2.png]
[webdevcode.com/html/pylon1/assets/js/jquery-3.5.1.min.js]
[webdevcode.com/html/pylon1/assets/js/bootstrap.bundle.min.js]
[webdevcode.com/html/pylon1/assets/js/swiper.min.js]
[webdevcode.com/html/pylon1/assets/js/jquery.ajaxchimp.min.js]
[webdevcode.com/html/pylon1/assets/js/jquery.magnific-popup.min.js]
[webdevcode.com/html/pylon1/assets/js/jquery.validate.min.js]
[webdevcode.com/html/pylon1/assets/js/bootstrap-select.min.js]
[webdevcode.com/html/pylon1/assets/js/wow.js]
[webdevcode.com/html/pylon1/assets/js/odometer.min.js]
[webdevcode.com/html/pylon1/assets/js/jquery.appear.min.js]
[webdevcode.com/html/pylon1/assets/js/wNumb.min.js]
[webdevcode.com/html/pylon1/assets/js/nouislider.min.js]
[webdevcode.com/html/pylon1/assets/js/theme.js]
[webdevcode.com/html/pylon1/index.html]
[webdevcode.com/html/pylon1/assets/css/bootstrap.min.css]
[webdevcode.com/html/pylon1/assets/fonts/fa-brands-400.eot]
[webdevcode.com/html/pylon1/assets/fonts/fa-brands-400d41d.eot]
[webdevcode.com/html/pylon1/assets/fonts/fa-brands-400.woff2]
[webdevcode.com/html/pylon1/assets/fonts/fa-brands-400.woff]
[webdevcode.com/html/pylon1/assets/fonts/fa-brands-400.ttf]
[webdevcode.com/html/pylon1/assets/fonts/fa-brands-400.svg]
[webdevcode.com/html/pylon1/assets/fonts/fa-light-300.eot]
[webdevcode.com/html/pylon1/assets/fonts/fa-light-300d41d.eot]
[webdevcode.com/html/pylon1/assets/fonts/fa-light-300.woff2]
[webdevcode.com/html/pylon1/assets/fonts/fa-light-300.woff]
[webdevcode.com/html/pylon1/assets/fonts/fa-light-300.ttf]
[webdevcode.com/html/pylon1/assets/fonts/fa-regular-400.eot]
[webdevcode.com/html/pylon1/assets/fonts/fa-regular-400d41d.eot]
[webdevcode.com/html/pylon1/assets/fonts/fa-regular-400.woff2]
[webdevcode.com/html/pylon1/assets/fonts/fa-regular-400.woff]
[webdevcode.com/html/pylon1/assets/fonts/fa-regular-400.ttf]
[webdevcode.com/html/pylon1/assets/fonts/fa-regular-400.svg]
[webdevcode.com/html/pylon1/assets/fonts/fa-light-300.svg]
[webdevcode.com/html/pylon1/assets/fonts/fa-solid-900.eot]
[webdevcode.com/html/pylon1/assets/fonts/fa-solid-900d41d.eot]
[webdevcode.com/html/pylon1/assets/fonts/fa-solid-900.woff2]
[webdevcode.com/html/pylon1/assets/fonts/fa-solid-900.woff]
[webdevcode.com/html/pylon1/assets/fonts/fa-solid-900.ttf]
[webdevcode.com/html/pylon1/assets/css/fontawesome-all.min.css]
[webdevcode.com/html/pylon1/assets/css/swiper.min.css]
[webdevcode.com/html/pylon1/assets/css/animate.min.css]
[webdevcode.com/html/pylon1/assets/fonts/pylon-icon95dc.eot]
[webdevcode.com/html/pylon1/assets/fonts/fa-solid-900.svg]
[webdevcode.com/html/pylon1/assets/fonts/pylon-icon95dc.ttf]
[webdevcode.com/html/pylon1/assets/fonts/pylon-icon95dc.woff]
[webdevcode.com/html/pylon1/assets/fonts/pylon-icon95dc.svg]
[webdevcode.com/html/pylon1/assets/css/pylon-icons.css]
[webdevcode.com/html/pylon1/assets/css/odometer.min.css]
[webdevcode.com/html/pylon1/assets/css/magnific-popup.css]
[webdevcode.com/html/pylon1/assets/css/bootstrap-select.min.css]
[webdevcode.com/html/pylon1/assets/css/nouislider.min.css]
[webdevcode.com/html/pylon1/assets/css/nouislider.pips.css]
[webdevcode.com/html/pylon1/assets/fonts/Flaticon.eot]
[webdevcode.com/html/pylon1/assets/fonts/Flaticond41d.eot]
[webdevcode.com/html/pylon1/assets/fonts/Flaticon.woff2]
[webdevcode.com/html/pylon1/assets/fonts/Flaticon.woff]
[webdevcode.com/html/pylon1/assets/css/flaticon.css]
[webdevcode.com/html/pylon1/assets/fonts/Flaticon.ttf]
[webdevcode.com/html/pylon1/assets/images/backgrounds/footer-bg-1-1.jpg]
[webdevcode.com/html/pylon1/assets/images/shapes/testimonials-map-1-1.png]
[webdevcode.com/html/pylon1/assets/images/shapes/about-form-shape-1-1.png]
[webdevcode.com/html/pylon1/assets/css/main.css]
[webdevcode.com/html/pylon1/assets/images/favicons/site.webmanifest]
[webdevcode.com/html/pylon1/assets/images/backgrounds/page-header-bg-1-1.jpg]
[webdevcode.com/html/pylon1/assets/images/blog/blog-1-4.png]
[webdevcode.com/html/pylon1/assets/images/blog/blog-1-5.png]
[webdevcode.com/html/pylon1/assets/images/blog/blog-1-6.png]
[webdevcode.com/html/pylon1/assets/images/resources/flag-1-1.jpg]
[webdevcode.com/html/pylon1/news.html]
[webdevcode.com/html/pylon1/assets/images/resources/faq-box-1-1.png]
[webdevcode.com/html/pylon1/faq.html]
[webdevcode.com/html/pylon1/assets/images/main-slider/main-slider-2-4.jpg]
[webdevcode.com/html/pylon1/assets/images/main-slider/main-slider-2-3.jpg]
[webdevcode.com/html/pylon1/assets/images/shapes/service-shape-1-1.png]
[webdevcode.com/html/pylon1/assets/images/shapes/service-shape-1-2.png]
[webdevcode.com/html/pylon1/assets/images/shapes/service-shape-1-3.png]
[webdevcode.com/html/pylon1/assets/images/shapes/about-shape-1-1.png]
[webdevcode.com/html/pylon1/assets/images/shapes/about-shape-1-2.png]
[webdevcode.com/html/pylon1/assets/images/shapes/about-shape-1-3.png]
[webdevcode.com/html/pylon1/assets/images/resources/about-2-2.png]
[webdevcode.com/html/pylon1/assets/images/shapes/service-shape-2-1.png]
[webdevcode.com/html/pylon1/assets/images/shapes/service-shape-2-2.png]
[webdevcode.com/html/pylon1/assets/images/shapes/service-shape-2-3.png]
[webdevcode.com/html/pylon1/assets/images/resources/video-1-1.jpg]
[webdevcode.com/html/pylon1/assets/images/shapes/team-shape-1-1.png]
[webdevcode.com/html/pylon1/assets/images/shapes/team-shape-1-2.png]
[webdevcode.com/html/pylon1/assets/images/backgrounds/team-bg-1-1.jpg]
[webdevcode.com/html/pylon1/assets/images/team/team-1-1.png]
[webdevcode.com/html/pylon1/assets/images/team/team-1-2.png]
[webdevcode.com/html/pylon1/assets/images/team/team-1-3.png]
[webdevcode.com/html/pylon1/assets/images/team/team-1-4.png]
[webdevcode.com/html/pylon1/assets/images/team/team-1-5.png]
[webdevcode.com/html/pylon1/assets/images/team/team-1-6.png]
[webdevcode.com/html/pylon1/index-2.html]
[webdevcode.com/html/pylon1/assets/images/resources/about-3-1.png]
[webdevcode.com/html/pylon1/assets/images/resources/about-3-2.png]
[webdevcode.com/html/pylon1/assets/images/backgrounds/video-bg-1-1.jpg]
[webdevcode.com/html/pylon1/about.html]
[webdevcode.com/html/pylon1/team.html]
[webdevcode.com/html/pylon1/assets/images/team/team-s-1-1.jpg]
[webdevcode.com/html/pylon1/assets/images/team/team-certificate-1-1.jpg]
[webdevcode.com/html/pylon1/assets/images/team/team-certificate-1-2.jpg]
[webdevcode.com/html/pylon1/team-details.html]
[webdevcode.com/html/pylon1/assets/images/services/services-1-4.png]
[webdevcode.com/html/pylon1/assets/images/services/services-1-6.png]
[webdevcode.com/html/pylon1/services.html]
[webdevcode.com/html/pylon1/services-2.html]
[webdevcode.com/html/pylon1/assets/images/services/service-sidebar-1-1.jpg]
[webdevcode.com/html/pylon1/service-details.html]
[webdevcode.com/html/pylon1/assets/images/services/service-d-1-1.jpg]
[webdevcode.com/html/pylon1/assets/images/resources/how-works.jpg]
[webdevcode.com/html/pylon1/how-it-works.html]
[webdevcode.com/html/pylon1/assets/css/jquery-ui.css]
[webdevcode.com/html/pylon1/assets/js/jquery-1.12.4.js]
[webdevcode.com/html/pylon1/loan-calculator.html]
[webdevcode.com/html/pylon1/assets/js/loan-calculator.js]
[webdevcode.com/html/pylon1/assets/js/jquery-ui.js]
[webdevcode.com/html/pylon1/assets/js/loan-eligibility.js]
[webdevcode.com/html/pylon1/loan-eligibility.html]
[webdevcode.com/html/pylon1/apply-now.html]
[webdevcode.com/html/pylon1/assets/images/credit-card/credit-card-1-1.png]
[webdevcode.com/html/pylon1/assets/images/credit-card/credit-card-1-2.png]
[webdevcode.com/html/pylon1/assets/images/credit-card/credit-card-1-3.png]
[webdevcode.com/html/pylon1/assets/images/credit-card/credit-card-1-4.png]
[webdevcode.com/html/pylon1/assets/images/credit-card/credit-card-1-5.png]
[webdevcode.com/html/pylon1/assets/images/credit-card/credit-card-1-6.png]
[webdevcode.com/html/pylon1/credit-card.html]
[webdevcode.com/html/pylon1/assets/images/credit-card/credit-card-d-1-1-1.png]
[webdevcode.com/html/pylon1/credit-card-details.html]
[webdevcode.com/html/pylon1/assets/images/resources/testimonials-1-4.png]
[webdevcode.com/html/pylon1/assets/images/resources/testimonials-1-5.png]
[webdevcode.com/html/pylon1/assets/images/resources/testimonials-1-6.png]
[webdevcode.com/html/pylon1/testimonials.html]
[webdevcode.com/html/pylon1/assets/images/blog/blog-d-1-1.jpg]
[webdevcode.com/html/pylon1/assets/images/blog/lp-1-1.png]
[webdevcode.com/html/pylon1/assets/images/blog/lp-1-2.png]
[webdevcode.com/html/pylon1/assets/images/blog/lp-1-3.png]
[webdevcode.com/html/pylon1/news-details.html]
[webdevcode.com/html/pylon1/assets/images/news/news-d-1-1.jpg]
[webdevcode.com/html/pylon1/assets/images/news/news-d-1-2.jpg]
[webdevcode.com/html/pylon1/assets/images/news/news-d-1-3.jpg]
[webdevcode.com/html/pylon1/assets/images/news/news-d-1-4.jpg]
[webdevcode.com/html/pylon1/news-default.html]
[webdevcode.com/html/pylon1/contact.html]
[webdevcode.com/html/pylon1/assets/fonts/fa-brands-400.svg]
[webdevcode.com/html/pylon1/assets/fonts/fa-light-300.svg]
[webdevcode.com/html/pylon1/assets/fonts/fa-regular-400.svg]
[webdevcode.com/html/pylon1/assets/fonts/fa-solid-900.svg]
[webdevcode.com/html/pylon1/assets/fonts/pylon-icon95dc.svg]
[webdevcode.com/html/pylon1/assets/css/jquery-ui.css]
[webdevcode.com/html/pylon1/assets/css/images/ui-icons_444444_256x240.html]
[webdevcode.com/html/pylon1/assets/css/images/ui-icons_555555_256x240.html]
[webdevcode.com/html/pylon1/assets/css/images/ui-icons_ffffff_256x240.html]
[webdevcode.com/html/pylon1/assets/css/images/ui-icons_777620_256x240.html]
[webdevcode.com/html/pylon1/assets/css/images/ui-icons_cc0000_256x240.html]
[webdevcode.com/html/pylon1/assets/css/images/ui-icons_777777_256x240.html]
